// Vitest Snapshot v1, https://vitest.dev/guide/snapshot.html

exports[`UI primitives — visual/structural regression (static markup snapshots) > Badge variants 1`] = `
"<span class="inline-flex items-center gap-1 text-[10px] font-bold uppercase tracking-wide px-2 py-0.5 rounded-full border bg-white/10 text-[#c9d1d9] border-white/10">neutral</span>
<span class="inline-flex items-center gap-1 text-[10px] font-bold uppercase tracking-wide px-2 py-0.5 rounded-full border bg-emerald-500/15 text-emerald-300 border-emerald-500/30">success</span>
<span class="inline-flex items-center gap-1 text-[10px] font-bold uppercase tracking-wide px-2 py-0.5 rounded-full border bg-amber-500/15 text-amber-300 border-amber-500/30">warning</span>
<span class="inline-flex items-center gap-1 text-[10px] font-bold uppercase tracking-wide px-2 py-0.5 rounded-full border bg-red-500/15 text-red-300 border-red-500/30">danger</span>
<span class="inline-flex items-center gap-1 text-[10px] font-bold uppercase tracking-wide px-2 py-0.5 rounded-full border bg-indigo-500/15 text-indigo-300 border-indigo-500/30">info</span>"
`;

exports[`UI primitives — visual/structural regression (static markup snapshots) > Button variants × sizes 1`] = `
"<button type="button" class="inline-flex items-center justify-center gap-2 font-semibold rounded-lg transition-colors focus:outline-none focus-visible:ring-2 focus-visible:ring-indigo-500/60 disabled:opacity-40 disabled:cursor-not-allowed bg-indigo-600 hover:bg-indigo-500 text-white text-[11px] px-2.5 py-1.5">Click</button>
<button type="button" class="inline-flex items-center justify-center gap-2 font-semibold rounded-lg transition-colors focus:outline-none focus-visible:ring-2 focus-visible:ring-indigo-500/60 disabled:opacity-40 disabled:cursor-not-allowed bg-indigo-600 hover:bg-indigo-500 text-white text-xs px-3.5 py-2">Click</button>
<button type="button" class="inline-flex items-center justify-center gap-2 font-semibold rounded-lg transition-colors focus:outline-none focus-visible:ring-2 focus-visible:ring-indigo-500/60 disabled:opacity-40 disabled:cursor-not-allowed bg-indigo-600 hover:bg-indigo-500 text-white text-sm px-5 py-2.5">Click</button>
<button type="button" class="inline-flex items-center justify-center gap-2 font-semibold rounded-lg transition-colors focus:outline-none focus-visible:ring-2 focus-visible:ring-indigo-500/60 disabled:opacity-40 disabled:cursor-not-allowed bg-white/10 hover:bg-white/15 text-white border border-white/10 text-[11px] px-2.5 py-1.5">Click</button>
<button type="button" class="inline-flex items-center justify-center gap-2 font-semibold rounded-lg transition-colors focus:outline-none focus-visible:ring-2 focus-visible:ring-indigo-500/60 disabled:opacity-40 disabled:cursor-not-allowed bg-white/10 hover:bg-white/15 text-white border border-white/10 text-xs px-3.5 py-2">Click</button>
<button type="button" class="inline-flex items-center justify-center gap-2 font-semibold rounded-lg transition-colors focus:outline-none focus-visible:ring-2 focus-visible:ring-indigo-500/60 disabled:opacity-40 disabled:cursor-not-allowed bg-white/10 hover:bg-white/15 text-white border border-white/10 text-sm px-5 py-2.5">Click</button>
<button type="button" class="inline-flex items-center justify-center gap-2 font-semibold rounded-lg transition-colors focus:outline-none focus-visible:ring-2 focus-visible:ring-indigo-500/60 disabled:opacity-40 disabled:cursor-not-allowed bg-transparent hover:bg-white/10 text-[#8b949e] hover:text-white text-[11px] px-2.5 py-1.5">Click</button>
<button type="button" class="inline-flex items-center justify-center gap-2 font-semibold rounded-lg transition-colors focus:outline-none focus-visible:ring-2 focus-visible:ring-indigo-500/60 disabled:opacity-40 disabled:cursor-not-allowed bg-transparent hover:bg-white/10 text-[#8b949e] hover:text-white text-xs px-3.5 py-2">Click</button>
<button type="button" class="inline-flex items-center justify-center gap-2 font-semibold rounded-lg transition-colors focus:outline-none focus-visible:ring-2 focus-visible:ring-indigo-500/60 disabled:opacity-40 disabled:cursor-not-allowed bg-transparent hover:bg-white/10 text-[#8b949e] hover:text-white text-sm px-5 py-2.5">Click</button>
<button type="button" class="inline-flex items-center justify-center gap-2 font-semibold rounded-lg transition-colors focus:outline-none focus-visible:ring-2 focus-visible:ring-indigo-500/60 disabled:opacity-40 disabled:cursor-not-allowed bg-red-600 hover:bg-red-500 text-white text-[11px] px-2.5 py-1.5">Click</button>
<button type="button" class="inline-flex items-center justify-center gap-2 font-semibold rounded-lg transition-colors focus:outline-none focus-visible:ring-2 focus-visible:ring-indigo-500/60 disabled:opacity-40 disabled:cursor-not-allowed bg-red-600 hover:bg-red-500 text-white text-xs px-3.5 py-2">Click</button>
<button type="button" class="inline-flex items-center justify-center gap-2 font-semibold rounded-lg transition-colors focus:outline-none focus-visible:ring-2 focus-visible:ring-indigo-500/60 disabled:opacity-40 disabled:cursor-not-allowed bg-red-600 hover:bg-red-500 text-white text-sm px-5 py-2.5">Click</button>"
`;

exports[`UI primitives — visual/structural regression (static markup snapshots) > Card with header + action 1`] = `"<div class="bg-[#161b22] border border-white/10 rounded-2xl p-5"><div class="flex items-center justify-between mb-3"><div class="flex items-center gap-2"><h3 class="text-sm font-black text-white uppercase tracking-tight">Title</h3></div><button type="button" class="inline-flex items-center justify-center gap-2 font-semibold rounded-lg transition-colors focus:outline-none focus-visible:ring-2 focus-visible:ring-indigo-500/60 disabled:opacity-40 disabled:cursor-not-allowed bg-indigo-600 hover:bg-indigo-500 text-white text-[11px] px-2.5 py-1.5">Do</button></div>Body</div>"`;

exports[`UI primitives — visual/structural regression (static markup snapshots) > Input + Select (valid + invalid) 1`] = `
"<input class="w-full bg-zinc-900 border rounded-xl px-3 py-2 text-sm text-white placeholder:text-[#6e7681] focus:outline-none transition-colors border-zinc-700 focus:border-indigo-500" placeholder="name"/>
<input class="w-full bg-zinc-900 border rounded-xl px-3 py-2 text-sm text-white placeholder:text-[#6e7681] focus:outline-none transition-colors border-red-500/60 focus:border-red-500" placeholder="bad"/>
<select class="w-full bg-zinc-900 border rounded-xl px-3 py-2 text-sm text-white placeholder:text-[#6e7681] focus:outline-none transition-colors border-zinc-700 focus:border-indigo-500 cursor-pointer"><option>a</option></select>"
`;

exports[`UI primitives — visual/structural regression (static markup snapshots) > Skeleton family 1`] = `
"<div aria-hidden="true" class="animate-pulse bg-white/10 rounded-md h-4 w-20"></div>
<div class="space-y-2 " aria-hidden="true"><div aria-hidden="true" class="animate-pulse bg-white/10 rounded-md h-3 w-full"></div><div aria-hidden="true" class="animate-pulse bg-white/10 rounded-md h-3 w-2/3"></div></div>
<div class="border border-white/5 bg-white/[0.02] rounded-xl p-4 " aria-hidden="true"><div class="flex items-center gap-3"><div aria-hidden="true" class="animate-pulse bg-white/10 rounded-lg h-10 w-10 shrink-0"></div><div class="flex-1 space-y-2"><div aria-hidden="true" class="animate-pulse bg-white/10 rounded-md h-3.5 w-1/2"></div><div aria-hidden="true" class="animate-pulse bg-white/10 rounded-md h-3 w-1/3"></div></div></div></div>
<div class="space-y-3 " aria-hidden="true"><div class="border border-white/5 bg-white/[0.02] rounded-xl p-4 " aria-hidden="true"><div class="flex items-center gap-3"><div aria-hidden="true" class="animate-pulse bg-white/10 rounded-lg h-10 w-10 shrink-0"></div><div class="flex-1 space-y-2"><div aria-hidden="true" class="animate-pulse bg-white/10 rounded-md h-3.5 w-1/2"></div><div aria-hidden="true" class="animate-pulse bg-white/10 rounded-md h-3 w-1/3"></div></div></div></div><div class="border border-white/5 bg-white/[0.02] rounded-xl p-4 " aria-hidden="true"><div class="flex items-center gap-3"><div aria-hidden="true" class="animate-pulse bg-white/10 rounded-lg h-10 w-10 shrink-0"></div><div class="flex-1 space-y-2"><div aria-hidden="true" class="animate-pulse bg-white/10 rounded-md h-3.5 w-1/2"></div><div aria-hidden="true" class="animate-pulse bg-white/10 rounded-md h-3 w-1/3"></div></div></div></div></div>
<div class="grid grid-cols-1 sm:grid-cols-2 lg:grid-cols-3 gap-4 " aria-hidden="true"><div class="border border-white/5 bg-white/[0.02] rounded-xl p-4 space-y-3"><div aria-hidden="true" class="animate-pulse bg-white/10 rounded-lg h-24 w-full"></div><div aria-hidden="true" class="animate-pulse bg-white/10 rounded-md h-3.5 w-2/3"></div><div aria-hidden="true" class="animate-pulse bg-white/10 rounded-md h-3 w-full"></div><div aria-hidden="true" class="animate-pulse bg-white/10 rounded-md h-3 w-1/2"></div></div><div class="border border-white/5 bg-white/[0.02] rounded-xl p-4 space-y-3"><div aria-hidden="true" class="animate-pulse bg-white/10 rounded-lg h-24 w-full"></div><div aria-hidden="true" class="animate-pulse bg-white/10 rounded-md h-3.5 w-2/3"></div><div aria-hidden="true" class="animate-pulse bg-white/10 rounded-md h-3 w-full"></div><div aria-hidden="true" class="animate-pulse bg-white/10 rounded-md h-3 w-1/2"></div></div></div>
<div class="space-y-2 px-2 py-1 " aria-hidden="true"><div class="flex items-center gap-2" style="padding-left:0"><div aria-hidden="true" class="animate-pulse bg-white/10 rounded h-3.5 w-3.5 shrink-0"></div><div aria-hidden="true" class="animate-pulse bg-white/10 rounded-md h-3 w-2/3"></div></div><div class="flex items-center gap-2" style="padding-left:12px"><div aria-hidden="true" class="animate-pulse bg-white/10 rounded h-3.5 w-3.5 shrink-0"></div><div aria-hidden="true" class="animate-pulse bg-white/10 rounded-md h-3 w-1/2"></div></div><div class="flex items-center gap-2" style="padding-left:24px"><div aria-hidden="true" class="animate-pulse bg-white/10 rounded h-3.5 w-3.5 shrink-0"></div><div aria-hidden="true" class="animate-pulse bg-white/10 rounded-md h-3 w-3/5"></div></div></div>"
`;

exports[`UI primitives — visual/structural regression (static markup snapshots) > Tabs (active state) 1`] = `"<div role="tablist" class="inline-flex items-center gap-1"><button role="tab" type="button" aria-selected="true" class="px-3 py-1 rounded-lg text-xs font-semibold border transition-colors focus:outline-none focus-visible:ring-2 focus-visible:ring-indigo-500/60 bg-zinc-800 text-white border-zinc-600">A</button><button role="tab" type="button" aria-selected="false" class="px-3 py-1 rounded-lg text-xs font-semibold border transition-colors focus:outline-none focus-visible:ring-2 focus-visible:ring-indigo-500/60 bg-transparent text-[#8b949e] border-transparent hover:text-white hover:bg-white/5">B</button></div>"`;

exports[`UI primitives — visual/structural regression (static markup snapshots) > Tooltip 1`] = `"<span class="relative inline-flex group"><span>x</span><span role="tooltip" class="pointer-events-none absolute left-1/2 -translate-x-1/2 z-50 whitespace-nowrap rounded-md bg-zinc-800 text-white text-[11px] px-2 py-1 shadow-lg border border-white/10 opacity-0 group-hover:opacity-100 group-focus-within:opacity-100 transition-opacity duration-150 bottom-full mb-1.5">hi</span></span>"`;
